// Jest Snapshot v1, https://goo.gl/fbAQLP

exports[`components/ArtistsList/ 1`] = `
<ul
  class="ArtistsList"
>
  <li
    class="ArtistsList__ListItem"
  >
    <a
      href="/artist/undefined"
    >
      <div>
        <img
          class="Avatar"
        />
      </div>
      <p />
    </a>
  </li>
</ul>
`;
